archive/tar
archive/zip
bufio
bytes
cmd/addr2line
cmd/api
cmd/asm
cmd/asm/internal/arch
cmd/asm/internal/asm
cmd/asm/internal/flags
cmd/asm/internal/lex
cmd/buildid
cmd/cgo
cmd/compile
cmd/compile/internal/amd64
cmd/compile/internal/arm
cmd/compile/internal/arm64
cmd/compile/internal/gc
cmd/compile/internal/mips
cmd/compile/internal/mips64
cmd/compile/internal/ppc64
cmd/compile/internal/s390x
cmd/compile/internal/ssa
cmd/compile/internal/syntax
cmd/compile/internal/test
cmd/compile/internal/types
cmd/compile/internal/wasm
cmd/compile/internal/x86
cmd/cover
cmd/dist
cmd/doc
cmd/fix
cmd/go
cmd/go/internal/base
cmd/go/internal/bug
cmd/go/internal/cache
cmd/go/internal/cfg
cmd/go/internal/clean
cmd/go/internal/cmdflag
cmd/go/internal/dirhash
cmd/go/internal/doc
cmd/go/internal/envcmd
cmd/go/internal/fix
cmd/go/internal/fmtcmd
cmd/go/internal/generate
cmd/go/internal/get
cmd/go/internal/help
cmd/go/internal/imports
cmd/go/internal/list
cmd/go/internal/load
cmd/go/internal/modcmd
cmd/go/internal/modconv
cmd/go/internal/modfetch
cmd/go/internal/modfetch/codehost
cmd/go/internal/modfile
cmd/go/internal/modget
cmd/go/internal/modinfo
cmd/go/internal/modload
cmd/go/internal/module
cmd/go/internal/mvs
cmd/go/internal/par
cmd/go/internal/run
cmd/go/internal/search
cmd/go/internal/semver
cmd/go/internal/str
cmd/go/internal/test
cmd/go/internal/tool
cmd/go/internal/txtar
cmd/go/internal/version
cmd/go/internal/vet
cmd/go/internal/web
cmd/go/internal/web2
cmd/go/internal/webtest
cmd/go/internal/work
cmd/gofmt
cmd/internal/bio
cmd/internal/browser
cmd/internal/buildid
cmd/internal/dwarf
cmd/internal/edit
cmd/internal/gcprog
cmd/internal/goobj
cmd/internal/obj
cmd/internal/obj/arm
cmd/internal/obj/arm64
cmd/internal/obj/mips
cmd/internal/obj/ppc64
cmd/internal/obj/s390x
cmd/internal/obj/wasm
cmd/internal/obj/x86
cmd/internal/objabi
cmd/internal/objfile
cmd/internal/src
cmd/internal/sys
cmd/internal/test2json
cmd/link
cmd/link/internal/amd64
cmd/link/internal/arm
cmd/link/internal/arm64
cmd/link/internal/ld
cmd/link/internal/loadelf
cmd/link/internal/loadmacho
cmd/link/internal/loadpe
cmd/link/internal/mips
cmd/link/internal/mips64
cmd/link/internal/objfile
cmd/link/internal/ppc64
cmd/link/internal/s390x
cmd/link/internal/sym
cmd/link/internal/wasm
cmd/link/internal/x86
cmd/nm
cmd/objdump
cmd/pack
cmd/pprof
cmd/test2json
cmd/trace
cmd/vendor/github.com/google/pprof/driver
cmd/vendor/github.com/google/pprof/internal/binutils
cmd/vendor/github.com/google/pprof/internal/driver
cmd/vendor/github.com/google/pprof/internal/elfexec
cmd/vendor/github.com/google/pprof/internal/graph
cmd/vendor/github.com/google/pprof/internal/measurement
cmd/vendor/github.com/google/pprof/internal/plugin
cmd/vendor/github.com/google/pprof/internal/proftest
cmd/vendor/github.com/google/pprof/internal/report
cmd/vendor/github.com/google/pprof/internal/symbolizer
cmd/vendor/github.com/google/pprof/internal/symbolz
cmd/vendor/github.com/google/pprof/profile
cmd/vendor/github.com/google/pprof/third_party/d3
cmd/vendor/github.com/google/pprof/third_party/d3flamegraph
cmd/vendor/github.com/google/pprof/third_party/svgpan
cmd/vendor/github.com/ianlancetaylor/demangle
cmd/vendor/golang.org/x/arch/arm/armasm
cmd/vendor/golang.org/x/arch/arm64/arm64asm
cmd/vendor/golang.org/x/arch/ppc64/ppc64asm
cmd/vendor/golang.org/x/arch/x86/x86asm
cmd/vendor/golang.org/x/crypto/ssh/terminal
cmd/vendor/golang.org/x/sys/unix
cmd/vendor/golang.org/x/sys/windows
cmd/vendor/golang.org/x/sys/windows/registry
cmd/vet
cmd/vet/internal/cfg
cmd/vet/internal/whitelist
compress/bzip2
compress/flate
compress/gzip
compress/lzw
compress/zlib
container/heap
container/list
container/ring
context
crypto
crypto/aes
crypto/cipher
crypto/des
crypto/dsa
crypto/ecdsa
crypto/elliptic
crypto/hmac
crypto/internal/randutil
crypto/internal/subtle
crypto/md5
crypto/rand
crypto/rc4
crypto/rsa
crypto/sha1
crypto/sha256
crypto/sha512
crypto/subtle
crypto/tls
crypto/x509
crypto/x509/pkix
database/sql
database/sql/driver
debug/dwarf
debug/elf
debug/gosym
debug/macho
debug/pe
debug/plan9obj
encoding
encoding/ascii85
encoding/asn1
encoding/base32
encoding/base64
encoding/binary
encoding/csv
encoding/gob
encoding/hex
encoding/json
encoding/pem
encoding/xml
errors
expvar
flag
fmt
go/ast
go/build
go/constant
go/doc
go/format
go/importer
go/internal/gccgoimporter
go/internal/gcimporter
go/internal/srcimporter
go/parser
go/printer
go/scanner
go/token
go/types
hash
hash/adler32
hash/crc32
hash/crc64
hash/fnv
html
html/template
image
image/color
image/color/palette
image/draw
image/gif
image/internal/imageutil
image/jpeg
image/png
index/suffixarray
internal/bytealg
internal/cpu
internal/nettrace
internal/poll
internal/race
internal/singleflight
internal/syscall/unix
internal/syscall/windows
internal/syscall/windows/registry
internal/syscall/windows/sysdll
internal/testenv
internal/testlog
internal/trace
io
io/ioutil
log
log/syslog
math
math/big
math/bits
math/cmplx
math/rand
mime
mime/multipart
mime/quotedprintable
net
net/http
net/http/cgi
net/http/cookiejar
net/http/fcgi
net/http/httptest
net/http/httptrace
net/http/httputil
net/http/internal
net/http/pprof
net/internal/socktest
net/mail
net/rpc
net/rpc/jsonrpc
net/smtp
net/textproto
net/url
os
os/exec
os/signal
os/signal/internal/pty
os/user
path
path/filepath
plugin
reflect
regexp
regexp/syntax
runtime
runtime/cgo
runtime/debug
runtime/internal/atomic
runtime/internal/sys
runtime/pprof
runtime/pprof/internal/profile
runtime/race
runtime/trace
sort
strconv
strings
sync
sync/atomic
syscall
testing
testing/internal/testdeps
testing/iotest
testing/quick
text/scanner
text/tabwriter
text/template
text/template/parse
time
unicode
unicode/utf16
unicode/utf8
unsafe
vendor/golang_org/x/crypto/chacha20poly1305
vendor/golang_org/x/crypto/cryptobyte
vendor/golang_org/x/crypto/cryptobyte/asn1
vendor/golang_org/x/crypto/curve25519
vendor/golang_org/x/crypto/internal/chacha20
vendor/golang_org/x/crypto/poly1305
vendor/golang_org/x/net/dns/dnsmessage
vendor/golang_org/x/net/http/httpguts
vendor/golang_org/x/net/http/httpproxy
vendor/golang_org/x/net/http2/hpack
vendor/golang_org/x/net/idna
vendor/golang_org/x/net/internal/nettest
vendor/golang_org/x/net/nettest
vendor/golang_org/x/net/route
vendor/golang_org/x/text/secure
vendor/golang_org/x/text/secure/bidirule
vendor/golang_org/x/text/transform
vendor/golang_org/x/text/unicode
vendor/golang_org/x/text/unicode/bidi
vendor/golang_org/x/text/unicode/norm
github.com/gin-contrib/sse
github.com/gin-gonic/gin
github.com/gin-gonic/gin/binding
github.com/gin-gonic/gin/examples/app-engine
github.com/gin-gonic/gin/examples/assets-in-binary
github.com/gin-gonic/gin/examples/auto-tls/example1
github.com/gin-gonic/gin/examples/auto-tls/example2
github.com/gin-gonic/gin/examples/basic
github.com/gin-gonic/gin/examples/custom-validation
github.com/gin-gonic/gin/examples/favicon
github.com/gin-gonic/gin/examples/graceful-shutdown/close
github.com/gin-gonic/gin/examples/graceful-shutdown/graceful-shutdown
github.com/gin-gonic/gin/examples/grpc/gin
github.com/gin-gonic/gin/examples/grpc/grpc
github.com/gin-gonic/gin/examples/grpc/pb
github.com/gin-gonic/gin/examples/http-pusher
github.com/gin-gonic/gin/examples/http2
github.com/gin-gonic/gin/examples/multiple-service
github.com/gin-gonic/gin/examples/realtime-advanced
github.com/gin-gonic/gin/examples/realtime-chat
github.com/gin-gonic/gin/examples/struct-lvl-validations
github.com/gin-gonic/gin/examples/template
github.com/gin-gonic/gin/examples/upload-file/multiple
github.com/gin-gonic/gin/examples/upload-file/single
github.com/gin-gonic/gin/ginS
github.com/gin-gonic/gin/internal/json
github.com/gin-gonic/gin/render
github.com/golang/protobuf/conformance
github.com/golang/protobuf/conformance/internal/conformance_proto
github.com/golang/protobuf/descriptor
github.com/golang/protobuf/jsonpb
github.com/golang/protobuf/jsonpb/jsonpb_test_proto
github.com/golang/protobuf/proto
github.com/golang/protobuf/proto/proto3_proto
github.com/golang/protobuf/proto/test_proto
github.com/golang/protobuf/protoc-gen-go
github.com/golang/protobuf/protoc-gen-go/descriptor
github.com/golang/protobuf/protoc-gen-go/generator
github.com/golang/protobuf/protoc-gen-go/generator/internal/remap
github.com/golang/protobuf/protoc-gen-go/grpc
github.com/golang/protobuf/protoc-gen-go/plugin
github.com/golang/protobuf/ptypes
github.com/golang/protobuf/ptypes/any
github.com/golang/protobuf/ptypes/duration
github.com/golang/protobuf/ptypes/empty
github.com/golang/protobuf/ptypes/struct
github.com/golang/protobuf/ptypes/timestamp
github.com/golang/protobuf/ptypes/wrappers
github.com/mattn/go-isatty
github.com/sourcegraph/go-langserver
github.com/sourcegraph/go-langserver/buildserver
github.com/sourcegraph/go-langserver/debugserver
github.com/sourcegraph/go-langserver/diskcache
github.com/sourcegraph/go-langserver/gituri
github.com/sourcegraph/go-langserver/gosrc
github.com/sourcegraph/go-langserver/langserver
github.com/sourcegraph/go-langserver/langserver/internal/gocode
github.com/sourcegraph/go-langserver/langserver/internal/gocode/gbimporter
github.com/sourcegraph/go-langserver/langserver/internal/gocode/lookdot
github.com/sourcegraph/go-langserver/langserver/internal/gocode/suggest
github.com/sourcegraph/go-langserver/langserver/internal/godef
github.com/sourcegraph/go-langserver/langserver/internal/godef/go/parser
github.com/sourcegraph/go-langserver/langserver/internal/godef/go/types
github.com/sourcegraph/go-langserver/langserver/internal/refs
github.com/sourcegraph/go-langserver/langserver/util
github.com/sourcegraph/go-langserver/langserver/vendor/go/doc
github.com/sourcegraph/go-langserver/pkg/lsp
github.com/sourcegraph/go-langserver/pkg/lspext
github.com/sourcegraph/go-langserver/pkg/tools
github.com/sourcegraph/go-langserver/tracer
github.com/sourcegraph/go-langserver/vendor/github.com/beorn7/perks/quantile
github.com/sourcegraph/go-langserver/vendor/github.com/codahale/hdrhistogram
github.com/sourcegraph/go-langserver/vendor/github.com/die-net/lrucache
github.com/sourcegraph/go-langserver/vendor/github.com/fhs/go-netrc/netrc
github.com/sourcegraph/go-langserver/vendor/github.com/go-stack/stack
github.com/sourcegraph/go-langserver/vendor/github.com/gogo/protobuf/proto
github.com/sourcegraph/go-langserver/vendor/github.com/golang/protobuf/proto
github.com/sourcegraph/go-langserver/vendor/github.com/golang/protobuf/protoc-gen-go/descriptor
github.com/sourcegraph/go-langserver/vendor/github.com/golang/protobuf/ptypes
github.com/sourcegraph/go-langserver/vendor/github.com/golang/protobuf/ptypes/any
github.com/sourcegraph/go-langserver/vendor/github.com/golang/protobuf/ptypes/duration
github.com/sourcegraph/go-langserver/vendor/github.com/golang/protobuf/ptypes/timestamp
github.com/sourcegraph/go-langserver/vendor/github.com/gorilla/websocket
github.com/sourcegraph/go-langserver/vendor/github.com/gregjones/httpcache
github.com/sourcegraph/go-langserver/vendor/github.com/hashicorp/golang-lru
github.com/sourcegraph/go-langserver/vendor/github.com/hashicorp/golang-lru/simplelru
github.com/sourcegraph/go-langserver/vendor/github.com/keegancsmith/tmpfriend
github.com/sourcegraph/go-langserver/vendor/github.com/lightstep/lightstep-tracer-go
github.com/sourcegraph/go-langserver/vendor/github.com/lightstep/lightstep-tracer-go/collectorpb
github.com/sourcegraph/go-langserver/vendor/github.com/lightstep/lightstep-tracer-go/lightstep/rand
github.com/sourcegraph/go-langserver/vendor/github.com/lightstep/lightstep-tracer-go/lightstep_thrift
github.com/sourcegraph/go-langserver/vendor/github.com/lightstep/lightstep-tracer-go/lightsteppb
github.com/sourcegraph/go-langserver/vendor/github.com/lightstep/lightstep-tracer-go/thrift_0_9_2/lib/go/thrift
github.com/sourcegraph/go-langserver/vendor/github.com/mattn/go-colorable
github.com/sourcegraph/go-langserver/vendor/github.com/mattn/go-isatty
github.com/sourcegraph/go-langserver/vendor/github.com/matttproud/golang_protobuf_extensions/pbutil
github.com/sourcegraph/go-langserver/vendor/github.com/neelance/parallel
github.com/sourcegraph/go-langserver/vendor/github.com/opentracing/basictracer-go
github.com/sourcegraph/go-langserver/vendor/github.com/opentracing/basictracer-go/wire
github.com/sourcegraph/go-langserver/vendor/github.com/opentracing/opentracing-go
github.com/sourcegraph/go-langserver/vendor/github.com/opentracing/opentracing-go/ext
github.com/sourcegraph/go-langserver/vendor/github.com/opentracing/opentracing-go/log
github.com/sourcegraph/go-langserver/vendor/github.com/pelletier/go-toml
github.com/sourcegraph/go-langserver/vendor/github.com/pkg/errors
github.com/sourcegraph/go-langserver/vendor/github.com/pmezard/go-difflib/difflib
github.com/sourcegraph/go-langserver/vendor/github.com/prometheus/client_golang/prometheus
github.com/sourcegraph/go-langserver/vendor/github.com/prometheus/client_golang/prometheus/promhttp
github.com/sourcegraph/go-langserver/vendor/github.com/prometheus/client_model/go
github.com/sourcegraph/go-langserver/vendor/github.com/prometheus/common/expfmt
github.com/sourcegraph/go-langserver/vendor/github.com/prometheus/common/internal/bitbucket.org/ww/goautoneg
github.com/sourcegraph/go-langserver/vendor/github.com/prometheus/common/model
github.com/sourcegraph/go-langserver/vendor/github.com/prometheus/procfs
github.com/sourcegraph/go-langserver/vendor/github.com/prometheus/procfs/internal/util
github.com/sourcegraph/go-langserver/vendor/github.com/prometheus/procfs/nfs
github.com/sourcegraph/go-langserver/vendor/github.com/prometheus/procfs/xfs
github.com/sourcegraph/go-langserver/vendor/github.com/slimsag/godocmd
github.com/sourcegraph/go-langserver/vendor/github.com/sourcegraph/ctxvfs
github.com/sourcegraph/go-langserver/vendor/github.com/sourcegraph/go-lsp
github.com/sourcegraph/go-langserver/vendor/github.com/sourcegraph/go-lsp/lspext
github.com/sourcegraph/go-langserver/vendor/github.com/sourcegraph/jsonrpc2
github.com/sourcegraph/go-langserver/vendor/github.com/sourcegraph/jsonrpc2/websocket
github.com/sourcegraph/go-langserver/vendor/github.com/sourcegraph/jsonx
github.com/sourcegraph/go-langserver/vendor/github.com/uber/jaeger-client-go
github.com/sourcegraph/go-langserver/vendor/github.com/uber/jaeger-client-go/config
github.com/sourcegraph/go-langserver/vendor/github.com/uber/jaeger-client-go/internal/baggage
github.com/sourcegraph/go-langserver/vendor/github.com/uber/jaeger-client-go/internal/baggage/remote
github.com/sourcegraph/go-langserver/vendor/github.com/uber/jaeger-client-go/internal/spanlog
github.com/sourcegraph/go-langserver/vendor/github.com/uber/jaeger-client-go/internal/throttler
github.com/sourcegraph/go-langserver/vendor/github.com/uber/jaeger-client-go/internal/throttler/remote
github.com/sourcegraph/go-langserver/vendor/github.com/uber/jaeger-client-go/log
github.com/sourcegraph/go-langserver/vendor/github.com/uber/jaeger-client-go/rpcmetrics
github.com/sourcegraph/go-langserver/vendor/github.com/uber/jaeger-client-go/thrift
github.com/sourcegraph/go-langserver/vendor/github.com/uber/jaeger-client-go/thrift-gen/agent
github.com/sourcegraph/go-langserver/vendor/github.com/uber/jaeger-client-go/thrift-gen/baggage
github.com/sourcegraph/go-langserver/vendor/github.com/uber/jaeger-client-go/thrift-gen/jaeger
github.com/sourcegraph/go-langserver/vendor/github.com/uber/jaeger-client-go/thrift-gen/sampling
github.com/sourcegraph/go-langserver/vendor/github.com/uber/jaeger-client-go/thrift-gen/zipkincore
github.com/sourcegraph/go-langserver/vendor/github.com/uber/jaeger-client-go/transport
github.com/sourcegraph/go-langserver/vendor/github.com/uber/jaeger-client-go/utils
github.com/sourcegraph/go-langserver/vendor/github.com/uber/jaeger-lib/metrics
github.com/sourcegraph/go-langserver/vendor/go4.org/reflectutil
github.com/sourcegraph/go-langserver/vendor/go4.org/sort
github.com/sourcegraph/go-langserver/vendor/golang.org/x/net/context
github.com/sourcegraph/go-langserver/vendor/golang.org/x/net/context/ctxhttp
github.com/sourcegraph/go-langserver/vendor/golang.org/x/net/http/httpguts
github.com/sourcegraph/go-langserver/vendor/golang.org/x/net/http2
github.com/sourcegraph/go-langserver/vendor/golang.org/x/net/http2/hpack
github.com/sourcegraph/go-langserver/vendor/golang.org/x/net/idna
github.com/sourcegraph/go-langserver/vendor/golang.org/x/net/internal/timeseries
github.com/sourcegraph/go-langserver/vendor/golang.org/x/net/trace
github.com/sourcegraph/go-langserver/vendor/golang.org/x/sys/unix
github.com/sourcegraph/go-langserver/vendor/golang.org/x/text/collate
github.com/sourcegraph/go-langserver/vendor/golang.org/x/text/collate/build
github.com/sourcegraph/go-langserver/vendor/golang.org/x/text/internal/colltab
github.com/sourcegraph/go-langserver/vendor/golang.org/x/text/internal/gen
github.com/sourcegraph/go-langserver/vendor/golang.org/x/text/internal/tag
github.com/sourcegraph/go-langserver/vendor/golang.org/x/text/internal/triegen
github.com/sourcegraph/go-langserver/vendor/golang.org/x/text/internal/ucd
github.com/sourcegraph/go-langserver/vendor/golang.org/x/text/language
github.com/sourcegraph/go-langserver/vendor/golang.org/x/text/secure/bidirule
github.com/sourcegraph/go-langserver/vendor/golang.org/x/text/transform
github.com/sourcegraph/go-langserver/vendor/golang.org/x/text/unicode/bidi
github.com/sourcegraph/go-langserver/vendor/golang.org/x/text/unicode/cldr
github.com/sourcegraph/go-langserver/vendor/golang.org/x/text/unicode/norm
github.com/sourcegraph/go-langserver/vendor/golang.org/x/text/unicode/rangetable
github.com/sourcegraph/go-langserver/vendor/golang.org/x/tools/go/ast/astutil
github.com/sourcegraph/go-langserver/vendor/golang.org/x/tools/go/buildutil
github.com/sourcegraph/go-langserver/vendor/golang.org/x/tools/go/gcexportdata
github.com/sourcegraph/go-langserver/vendor/golang.org/x/tools/go/internal/cgo
github.com/sourcegraph/go-langserver/vendor/golang.org/x/tools/go/internal/gcimporter
github.com/sourcegraph/go-langserver/vendor/golang.org/x/tools/go/loader
github.com/sourcegraph/go-langserver/vendor/golang.org/x/tools/go/packages
github.com/sourcegraph/go-langserver/vendor/golang.org/x/tools/go/packages/golist
github.com/sourcegraph/go-langserver/vendor/golang.org/x/tools/go/packages/raw
github.com/sourcegraph/go-langserver/vendor/golang.org/x/tools/go/types/typeutil
github.com/sourcegraph/go-langserver/vendor/golang.org/x/tools/godoc/vfs
github.com/sourcegraph/go-langserver/vendor/golang.org/x/tools/godoc/vfs/zipfs
github.com/sourcegraph/go-langserver/vendor/golang.org/x/tools/imports
github.com/sourcegraph/go-langserver/vendor/golang.org/x/tools/internal/fastwalk
github.com/sourcegraph/go-langserver/vendor/golang.org/x/tools/refactor/importgraph
github.com/sourcegraph/go-langserver/vendor/google.golang.org/genproto/googleapis/api/annotations
github.com/sourcegraph/go-langserver/vendor/google.golang.org/genproto/googleapis/rpc/status
github.com/sourcegraph/go-langserver/vendor/google.golang.org/grpc
github.com/sourcegraph/go-langserver/vendor/google.golang.org/grpc/balancer
github.com/sourcegraph/go-langserver/vendor/google.golang.org/grpc/balancer/base
github.com/sourcegraph/go-langserver/vendor/google.golang.org/grpc/balancer/roundrobin
github.com/sourcegraph/go-langserver/vendor/google.golang.org/grpc/codes
github.com/sourcegraph/go-langserver/vendor/google.golang.org/grpc/connectivity
github.com/sourcegraph/go-langserver/vendor/google.golang.org/grpc/credentials
github.com/sourcegraph/go-langserver/vendor/google.golang.org/grpc/encoding
github.com/sourcegraph/go-langserver/vendor/google.golang.org/grpc/encoding/proto
github.com/sourcegraph/go-langserver/vendor/google.golang.org/grpc/grpclog
github.com/sourcegraph/go-langserver/vendor/google.golang.org/grpc/internal
github.com/sourcegraph/go-langserver/vendor/google.golang.org/grpc/internal/backoff
github.com/sourcegraph/go-langserver/vendor/google.golang.org/grpc/internal/channelz
github.com/sourcegraph/go-langserver/vendor/google.golang.org/grpc/internal/envconfig
github.com/sourcegraph/go-langserver/vendor/google.golang.org/grpc/internal/grpcrand
github.com/sourcegraph/go-langserver/vendor/google.golang.org/grpc/internal/transport
github.com/sourcegraph/go-langserver/vendor/google.golang.org/grpc/keepalive
github.com/sourcegraph/go-langserver/vendor/google.golang.org/grpc/metadata
github.com/sourcegraph/go-langserver/vendor/google.golang.org/grpc/naming
github.com/sourcegraph/go-langserver/vendor/google.golang.org/grpc/peer
github.com/sourcegraph/go-langserver/vendor/google.golang.org/grpc/resolver
github.com/sourcegraph/go-langserver/vendor/google.golang.org/grpc/resolver/dns
github.com/sourcegraph/go-langserver/vendor/google.golang.org/grpc/resolver/passthrough
github.com/sourcegraph/go-langserver/vendor/google.golang.org/grpc/stats
github.com/sourcegraph/go-langserver/vendor/google.golang.org/grpc/status
github.com/sourcegraph/go-langserver/vendor/google.golang.org/grpc/tap
github.com/sourcegraph/go-langserver/vendor/gopkg.in/inconshreveable/log15.v2
github.com/sourcegraph/go-langserver/vendor/gopkg.in/yaml.v2
github.com/sourcegraph/go-langserver/vfsutil
github.com/ugorji/go/codec
github.com/ugorji/go/codec/codecgen
golang.org/x/tools/benchmark/parse
golang.org/x/tools/blog
golang.org/x/tools/blog/atom
golang.org/x/tools/cmd/benchcmp
golang.org/x/tools/cmd/bundle
golang.org/x/tools/cmd/callgraph
golang.org/x/tools/cmd/compilebench
golang.org/x/tools/cmd/cover
golang.org/x/tools/cmd/digraph
golang.org/x/tools/cmd/eg
golang.org/x/tools/cmd/fiximports
golang.org/x/tools/cmd/getgo
golang.org/x/tools/cmd/getgo/server
golang.org/x/tools/cmd/go-contrib-init
golang.org/x/tools/cmd/godex
golang.org/x/tools/cmd/godoc
golang.org/x/tools/cmd/goimports
golang.org/x/tools/cmd/golsp
golang.org/x/tools/cmd/gomvpkg
golang.org/x/tools/cmd/gopls
golang.org/x/tools/cmd/gopls/forward
golang.org/x/tools/cmd/gorename
golang.org/x/tools/cmd/gotype
golang.org/x/tools/cmd/goyacc
golang.org/x/tools/cmd/guru
golang.org/x/tools/cmd/guru/serial
golang.org/x/tools/cmd/heapview
golang.org/x/tools/cmd/heapview/internal/core
golang.org/x/tools/cmd/html2article
golang.org/x/tools/cmd/present
golang.org/x/tools/cmd/splitdwarf
golang.org/x/tools/cmd/splitdwarf/internal/macho
golang.org/x/tools/cmd/ssadump
golang.org/x/tools/cmd/stress
golang.org/x/tools/cmd/stringer
golang.org/x/tools/cmd/tip
golang.org/x/tools/cmd/toolstash
golang.org/x/tools/container/intsets
golang.org/x/tools/cover
golang.org/x/tools/go/analysis
golang.org/x/tools/go/analysis/analysistest
golang.org/x/tools/go/analysis/cmd/vet
golang.org/x/tools/go/analysis/internal/analysisflags
golang.org/x/tools/go/analysis/internal/checker
golang.org/x/tools/go/analysis/internal/facts
golang.org/x/tools/go/analysis/multichecker
golang.org/x/tools/go/analysis/passes/asmdecl
golang.org/x/tools/go/analysis/passes/assign
golang.org/x/tools/go/analysis/passes/atomic
golang.org/x/tools/go/analysis/passes/atomicalign
golang.org/x/tools/go/analysis/passes/bools
golang.org/x/tools/go/analysis/passes/buildssa
golang.org/x/tools/go/analysis/passes/buildtag
golang.org/x/tools/go/analysis/passes/cgocall
golang.org/x/tools/go/analysis/passes/composite
golang.org/x/tools/go/analysis/passes/copylock
golang.org/x/tools/go/analysis/passes/ctrlflow
golang.org/x/tools/go/analysis/passes/findcall
golang.org/x/tools/go/analysis/passes/findcall/cmd/findcall
golang.org/x/tools/go/analysis/passes/httpresponse
golang.org/x/tools/go/analysis/passes/inspect
golang.org/x/tools/go/analysis/passes/internal/analysisutil
golang.org/x/tools/go/analysis/passes/loopclosure
golang.org/x/tools/go/analysis/passes/lostcancel
golang.org/x/tools/go/analysis/passes/lostcancel/cmd/lostcancel
golang.org/x/tools/go/analysis/passes/nilfunc
golang.org/x/tools/go/analysis/passes/nilness
golang.org/x/tools/go/analysis/passes/nilness/cmd/nilness
golang.org/x/tools/go/analysis/passes/pkgfact
golang.org/x/tools/go/analysis/passes/printf
golang.org/x/tools/go/analysis/passes/shadow
golang.org/x/tools/go/analysis/passes/shadow/cmd/shadow
golang.org/x/tools/go/analysis/passes/shift
golang.org/x/tools/go/analysis/passes/stdmethods
golang.org/x/tools/go/analysis/passes/structtag
golang.org/x/tools/go/analysis/passes/tests
golang.org/x/tools/go/analysis/passes/unmarshal
golang.org/x/tools/go/analysis/passes/unmarshal/cmd/unmarshal
golang.org/x/tools/go/analysis/passes/unreachable
golang.org/x/tools/go/analysis/passes/unsafeptr
golang.org/x/tools/go/analysis/passes/unusedresult
golang.org/x/tools/go/analysis/singlechecker
golang.org/x/tools/go/analysis/unitchecker
golang.org/x/tools/go/ast/astutil
golang.org/x/tools/go/ast/inspector
golang.org/x/tools/go/buildutil
golang.org/x/tools/go/callgraph
golang.org/x/tools/go/callgraph/cha
golang.org/x/tools/go/callgraph/rta
golang.org/x/tools/go/callgraph/static
golang.org/x/tools/go/cfg
golang.org/x/tools/go/expect
golang.org/x/tools/go/gccgoexportdata
golang.org/x/tools/go/gcexportdata
golang.org/x/tools/go/internal/cgo
golang.org/x/tools/go/internal/gccgoimporter
golang.org/x/tools/go/internal/gcimporter
golang.org/x/tools/go/internal/packagesdriver
golang.org/x/tools/go/loader
golang.org/x/tools/go/packages
golang.org/x/tools/go/packages/gopackages
golang.org/x/tools/go/packages/packagestest
golang.org/x/tools/go/pointer
golang.org/x/tools/go/ssa
golang.org/x/tools/go/ssa/interp
golang.org/x/tools/go/ssa/ssautil
golang.org/x/tools/go/types/objectpath
golang.org/x/tools/go/types/typeutil
golang.org/x/tools/go/vcs
golang.org/x/tools/godoc
golang.org/x/tools/godoc/analysis
golang.org/x/tools/godoc/dl
golang.org/x/tools/godoc/env
golang.org/x/tools/godoc/proxy
golang.org/x/tools/godoc/redirect
golang.org/x/tools/godoc/short
golang.org/x/tools/godoc/static
golang.org/x/tools/godoc/util
golang.org/x/tools/godoc/vfs
golang.org/x/tools/godoc/vfs/gatefs
golang.org/x/tools/godoc/vfs/httpfs
golang.org/x/tools/godoc/vfs/mapfs
golang.org/x/tools/godoc/vfs/zipfs
golang.org/x/tools/imports
golang.org/x/tools/internal/fastwalk
golang.org/x/tools/internal/gopathwalk
golang.org/x/tools/internal/jsonrpc2
golang.org/x/tools/internal/lsp
golang.org/x/tools/internal/lsp/cache
golang.org/x/tools/internal/lsp/cmd
golang.org/x/tools/internal/lsp/protocol
golang.org/x/tools/internal/lsp/source
golang.org/x/tools/internal/module
golang.org/x/tools/internal/semver
golang.org/x/tools/internal/tool
golang.org/x/tools/internal/txtar
golang.org/x/tools/playground
golang.org/x/tools/playground/socket
golang.org/x/tools/present
golang.org/x/tools/refactor/eg
golang.org/x/tools/refactor/importgraph
golang.org/x/tools/refactor/rename
golang.org/x/tools/refactor/satisfy
gopkg.in/go-playground/validator.v8
gopkg.in/go-playground/validator.v8/examples/custom
gopkg.in/go-playground/validator.v8/examples/simple
gopkg.in/go-playground/validator.v8/examples/struct-level
gopkg.in/yaml.v2
