[{"name": "pip", "version": "10.0.1"}, {"name": "pycodestyle", "version": "2.3.1"}, {"name": "setuptools", "version": "39.0.1"}]
