[{"name": "setuptools", "version": "39.0.1", "latest_version": "40.0.0", "latest_filetype": "wheel"}]
