[{"name":"hugo","full_name":"hugo","oldname":null,"aliases":[],"versioned_formulae":[],"desc":"Configurable static site generator","homepage":"https://gohugo.io/","versions":{"stable":"0.44","devel":null,"head":"HEAD","bottle":true},"revision":0,"version_scheme":0,"bottle":{"stable":{"rebuild":0,"cellar":":any_skip_relocation","prefix":"/usr/local","root_url":"https://homebrew.bintray.com/bottles","files":{"high_sierra":{"url":"https://homebrew.bintray.com/bottles/hugo-0.44.high_sierra.bottle.tar.gz","sha256":"2f2a1b3ae79417ad0c60dbf44a7dd559d9348a9ec5c26a6333382e32f5f02c63"},"sierra":{"url":"https://homebrew.bintray.com/bottles/hugo-0.44.sierra.bottle.tar.gz","sha256":"949f39c0f601712f7ae41dcbea8852a3e38b5e9ff752ecef88c316ac0a9388cc"},"el_capitan":{"url":"https://homebrew.bintray.com/bottles/hugo-0.44.el_capitan.bottle.tar.gz","sha256":"0efd59f8073f6624c35017e0700e40c4b3d112bbc54e5fafefb389dfe4643648"}}}},"keg_only":false,"options":[],"build_dependencies":["dep","go"],"dependencies":[],"recommended_dependencies":[],"optional_dependencies":[],"requirements":[],"conflicts_with":[],"caveats":null,"installed":[{"version":"0.42.2","used_options":[],"built_as_bottle":true,"poured_from_bottle":true,"runtime_dependencies":[],"installed_as_dependency":false,"installed_on_request":true}],"linked_keg":"0.42.2","pinned":false,"outdated":true}]
