[{"name":"wget","installed_versions":["1.19.5","1.20","1.20.1"],"current_version":"1.20.1_3","pinned":false,"pinned_version":null},{"name":"youtube-dl","installed_versions":["2019.01.24"],"current_version":"2019.01.30.1","pinned":false,"pinned_version":null}]
