aom
bash
bash-completion
cairo
coreutils
dos2unix
fd
ffmpeg
findutils
fontconfig
freetype
frei0r
fribidi
gdbm
gettext
git
glib
gnu-sed
go
graphite2
harfbuzz
hugo
icu4c
jemalloc
jq
lame
libass
libffi
libidn2
libogg
libpng
libssh2
libtermkey
libunistring
libuv
libvorbis
libvpx
libvterm
libyaml
lua
luajit
msgpack
neovim
oniguruma
opencore-amr
openssl
opus
p7zip
pcre
pcre2
perl
pip-completion
pixman
pkg-config
python
readline
rtmpdump
ruby
ruby-completion
sdl2
shellcheck
snappy
speex
sqlite
telnet
theora
tree
unibilium
unrar
vim
watch
wget
x264
x265
xvid
xz
youtube-dl
