[{"name":"wget","full_name":"wget","oldname":null,"aliases":[],"versioned_formulae":[],"desc":"Internet file retriever","homepage":"https://www.gnu.org/software/wget/","versions":{"stable":"1.19.5","devel":null,"head":"HEAD","bottle":true},"revision":0,"version_scheme":0,"bottle":{"stable":{"rebuild":0,"cellar":"/usr/local/Cellar","prefix":"/usr/local","root_url":"https://homebrew.bintray.com/bottles","files":{"high_sierra":{"url":"https://homebrew.bintray.com/bottles/wget-1.19.5.high_sierra.bottle.tar.gz","sha256":"af8880a424be0cde4d2891b0027ae9991ebb0e6f48ae60b369e3c9f0bdfcd04a"},"sierra":{"url":"https://homebrew.bintray.com/bottles/wget-1.19.5.sierra.bottle.tar.gz","sha256":"d61954cc95b1f60b64b86afa2a71a18d6d1676dbc3d566a3f9ba2249ad028b54"},"el_capitan":{"url":"https://homebrew.bintray.com/bottles/wget-1.19.5.el_capitan.bottle.tar.gz","sha256":"473408a17dfea7393f2c8c96264535717328c3879db679fc09fc1007bac26113"}}}},"keg_only":false,"options":[{"option":"--with-debug","description":"Build with debug support"},{"option":"--with-pcre","description":"Build with pcre support"},{"option":"--with-libmetalink","description":"Build with libmetalink support"},{"option":"--with-gpgme","description":"Build with gpgme support"}],"build_dependencies":["pkg-config"],"dependencies":["libidn2","openssl"],"recommended_dependencies":[],"optional_dependencies":["pcre","libmetalink","gpgme"],"requirements":[],"conflicts_with":[],"caveats":null,"installed":[{"version":"1.19.5","used_options":[],"built_as_bottle":true,"poured_from_bottle":true,"runtime_dependencies":[{"full_name":"gettext","version":"0.19.8.1"},{"full_name":"libunistring","version":"0.9.10"},{"full_name":"libidn2","version":"2.0.5"},{"full_name":"openssl","version":"1.0.2o"}],"installed_as_dependency":false,"installed_on_request":true}],"linked_keg":"1.19.5","pinned":false,"outdated":false}]
