[{"name":"wget","installed_versions":["1.19.5","1.20","1.20.1"],"current_version":"1.20.1_3","pinned":false,"pinned_version":null}]
