1password6
ableton-live-10-suite
artsacoustic-reverb
audeze-reveal
audio-hijack
cableguys-shaperbox
cableguys-volumeshaper
cog-kode54
cytomic-the-drop
cytomic-the-glue
daisydisk
dmgaudio-dualism
dmgaudio-equilibrium
dmgaudio-essence
dmgaudio-expurgate
dmgaudio-limitless
dmgaudio-trackcomp
dmgaudio-trackcontrol
dmgaudio-trackds
dmgaudio-trackgate
dmgaudio-tracklimit
dmgaudio-trackmeter
dropbox
entropy
exponential-audio-r2-stereo-reverb
flux
focusrite-control
font-lato
font-source-code-pro
forklift
gmail-notifier
handyprint
ilok-license-manager
java6
klanghelm-vumt
lennardigital-sylenth1
microsoft-office
modartt-pianoteq
mplayerx
musescore
native-instruments-battery-4
native-instruments-kontakt-5
native-instruments-massive
native-instruments-native-access
native-instruments-phasis
native-instruments-replika-xt
native-instruments-supercharger-gt
native-instruments-transient-master-fx
native-instruments-vc-160-fx
native-instruments-vc-2a-fx
native-instruments-vc-76-fx
novation-remote-sl-template-editor
ocenaudio
openemu-experimental
osxfuse
otp-auth
relab-lx480-complete
reveal-sound-spire
skype7
sonalksis-creative-elements
sonalksis-plugin-manager
spectrasonics-omnisphere
spotify
steinberg-cubase-pro-9v5
steinberg-cubase-pro-9v5-update
sublime-text
synapse-audio-dune
textual
touchosc-editor
transmission
vmware-fusion
voxengo-elephant-au-aax
voxengo-elephant-vst-vst3
waterfox
xfer-records-serum
xfer-records-serumfx-update
xld
