homebrew/cask
homebrew/cask-versions
homebrew/core
veelenga/tap
