--- !ruby/object:Gem::Specification
name: rails
version: !ruby/object:Gem::Version
  version: 5.2.0
platform: ruby
authors:
- David Heinemeier Hansson
autorequire: 
bindir: bin
cert_chain: []
date: 2018-04-09 00:00:00.000000000 Z
dependencies:
- !ruby/object:Gem::Dependency
  name: activesupport
  requirement: !ruby/object:Gem::Requirement
    requirements:
    - - '='
      - !ruby/object:Gem::Version
        version: 5.2.0
  type: :runtime
  prerelease: false
  version_requirements: !ruby/object:Gem::Requirement
    requirements:
    - - '='
      - !ruby/object:Gem::Version
        version: 5.2.0
- !ruby/object:Gem::Dependency
  name: actionpack
  requirement: !ruby/object:Gem::Requirement
    requirements:
    - - '='
      - !ruby/object:Gem::Version
        version: 5.2.0
  type: :runtime
  prerelease: false
  version_requirements: !ruby/object:Gem::Requirement
    requirements:
    - - '='
      - !ruby/object:Gem::Version
        version: 5.2.0
- !ruby/object:Gem::Dependency
  name: actionview
  requirement: !ruby/object:Gem::Requirement
    requirements:
    - - '='
      - !ruby/object:Gem::Version
        version: 5.2.0
  type: :runtime
  prerelease: false
  version_requirements: !ruby/object:Gem::Requirement
    requirements:
    - - '='
      - !ruby/object:Gem::Version
        version: 5.2.0
- !ruby/object:Gem::Dependency
  name: activemodel
  requirement: !ruby/object:Gem::Requirement
    requirements:
    - - '='
      - !ruby/object:Gem::Version
        version: 5.2.0
  type: :runtime
  prerelease: false
  version_requirements: !ruby/object:Gem::Requirement
    requirements:
    - - '='
      - !ruby/object:Gem::Version
        version: 5.2.0
- !ruby/object:Gem::Dependency
  name: activerecord
  requirement: !ruby/object:Gem::Requirement
    requirements:
    - - '='
      - !ruby/object:Gem::Version
        version: 5.2.0
  type: :runtime
  prerelease: false
  version_requirements: !ruby/object:Gem::Requirement
    requirements:
    - - '='
      - !ruby/object:Gem::Version
        version: 5.2.0
- !ruby/object:Gem::Dependency
  name: actionmailer
  requirement: !ruby/object:Gem::Requirement
    requirements:
    - - '='
      - !ruby/object:Gem::Version
        version: 5.2.0
  type: :runtime
  prerelease: false
  version_requirements: !ruby/object:Gem::Requirement
    requirements:
    - - '='
      - !ruby/object:Gem::Version
        version: 5.2.0
- !ruby/object:Gem::Dependency
  name: activejob
  requirement: !ruby/object:Gem::Requirement
    requirements:
    - - '='
      - !ruby/object:Gem::Version
        version: 5.2.0
  type: :runtime
  prerelease: false
  version_requirements: !ruby/object:Gem::Requirement
    requirements:
    - - '='
      - !ruby/object:Gem::Version
        version: 5.2.0
- !ruby/object:Gem::Dependency
  name: actioncable
  requirement: !ruby/object:Gem::Requirement
    requirements:
    - - '='
      - !ruby/object:Gem::Version
        version: 5.2.0
  type: :runtime
  prerelease: false
  version_requirements: !ruby/object:Gem::Requirement
    requirements:
    - - '='
      - !ruby/object:Gem::Version
        version: 5.2.0
- !ruby/object:Gem::Dependency
  name: activestorage
  requirement: !ruby/object:Gem::Requirement
    requirements:
    - - '='
      - !ruby/object:Gem::Version
        version: 5.2.0
  type: :runtime
  prerelease: false
  version_requirements: !ruby/object:Gem::Requirement
    requirements:
    - - '='
      - !ruby/object:Gem::Version
        version: 5.2.0
- !ruby/object:Gem::Dependency
  name: railties
  requirement: !ruby/object:Gem::Requirement
    requirements:
    - - '='
      - !ruby/object:Gem::Version
        version: 5.2.0
  type: :runtime
  prerelease: false
  version_requirements: !ruby/object:Gem::Requirement
    requirements:
    - - '='
      - !ruby/object:Gem::Version
        version: 5.2.0
- !ruby/object:Gem::Dependency
  name: bundler
  requirement: !ruby/object:Gem::Requirement
    requirements:
    - - ">="
      - !ruby/object:Gem::Version
        version: 1.3.0
  type: :runtime
  prerelease: false
  version_requirements: !ruby/object:Gem::Requirement
    requirements:
    - - ">="
      - !ruby/object:Gem::Version
        version: 1.3.0
- !ruby/object:Gem::Dependency
  name: sprockets-rails
  requirement: !ruby/object:Gem::Requirement
    requirements:
    - - ">="
      - !ruby/object:Gem::Version
        version: 2.0.0
  type: :runtime
  prerelease: false
  version_requirements: !ruby/object:Gem::Requirement
    requirements:
    - - ">="
      - !ruby/object:Gem::Version
        version: 2.0.0
description: Ruby on Rails is a full-stack web framework optimized for programmer
  happiness and sustainable productivity. It encourages beautiful code by favoring
  convention over configuration.
email: david@loudthinking.com
executables: []
extensions: []
extra_rdoc_files: []
files: []
homepage: http://rubyonrails.org
licenses: []
metadata: {}
post_install_message: 
rdoc_options: []
require_paths:
- lib
required_ruby_version: !ruby/object:Gem::Requirement
  requirements:
  - - ">="
    - !ruby/object:Gem::Version
      version: 2.2.2
required_rubygems_version: !ruby/object:Gem::Requirement
  requirements:
  - - ">="
    - !ruby/object:Gem::Version
      version: 1.8.11
requirements: []
rubyforge_project: 
rubygems_version: 2.7.6
signing_key: 
specification_version: 4
summary: Full-stack web application framework.
test_files: []

