Updated 3 taps (homebrew/cask-versions, homebrew/core, homebrew/cask).
==> Updated Formulae
qtkeychain
tor
